{"ts": 1784815691.346, "request_id": "44cdac37eab3", "tenant": "dev", "role": "admin", "key_id": "open", "method": "POST", "path": "/v1/ask", "status": 200, "duration_ms": 912.4}
{"ts": 1784815691.355, "request_id": "64913717097f", "tenant": "dev", "role": "admin", "key_id": "open", "method": "GET", "path": "/metrics", "status": 200, "duration_ms": 0.9}
{"ts": 1784819394.185, "request_id": "f8c945bdf03d", "tenant": "dev", "role": "admin", "key_id": "open", "method": "GET", "path": "/v1/profile-options", "status": 200, "duration_ms": 0.6}
{"ts": 1784819394.231, "request_id": "9326c4169d82", "tenant": "dev", "role": "admin", "key_id": "open", "method": "GET", "path": "/v1/workforce/occupations", "status": 200, "duration_ms": 0.3}
{"ts": 1784819394.24, "request_id": "341fb0a24228", "tenant": "dev", "role": "admin", "key_id": "open", "method": "GET", "path": "/favicon.ico", "status": 404, "duration_ms": 0.2}
{"ts": 1784819394.241, "request_id": "b3d403a9a937", "tenant": "dev", "role": "admin", "key_id": "open", "method": "GET", "path": "/v1/markets", "status": 200, "duration_ms": 0.1}
{"ts": 1784819395.206, "request_id": "f4666c4e5ed6", "tenant": "dev", "role": "admin", "key_id": "open", "method": "POST", "path": "/v1/ask", "status": 200, "duration_ms": 688.3}
{"ts": 1784819395.311, "request_id": "5aa757629f6f", "tenant": "dev", "role": "admin", "key_id": "open", "method": "POST", "path": "/v1/ask", "status": 200, "duration_ms": 11.9}
{"ts": 1784819395.419, "request_id": "d596117eef6c", "tenant": "dev", "role": "admin", "key_id": "open", "method": "POST", "path": "/v1/ask", "status": 200, "duration_ms": 3.8}
{"ts": 1784819395.527, "request_id": "dab105ff4b2b", "tenant": "dev", "role": "admin", "key_id": "open", "method": "POST", "path": "/v1/ask", "status": 200, "duration_ms": 10.5}
{"ts": 1784819395.633, "request_id": "033f6d8afac3", "tenant": "dev", "role": "admin", "key_id": "open", "method": "POST", "path": "/v1/ask", "status": 200, "duration_ms": 1.6}
{"ts": 1784819395.732, "request_id": "52ffb31629f0", "tenant": "dev", "role": "admin", "key_id": "open", "method": "POST", "path": "/v1/ask", "status": 200, "duration_ms": 0.8}
{"ts": 1784819395.816, "request_id": "63e3bd70db09", "tenant": "dev", "role": "admin", "key_id": "open", "method": "POST", "path": "/v1/ask", "status": 200, "duration_ms": 0.6}
{"ts": 1784819397.408, "request_id": "14907fcc7540", "tenant": "dev", "role": "admin", "key_id": "open", "method": "POST", "path": "/v1/scan", "status": 200, "duration_ms": 7.1}
{"ts": 1784819397.784, "request_id": "3b5e51563e2a", "tenant": "dev", "role": "admin", "key_id": "open", "method": "POST", "path": "/v1/risk", "status": 200, "duration_ms": 0.5}
{"ts": 1784819397.85, "request_id": "430033deeda1", "tenant": "dev", "role": "admin", "key_id": "open", "method": "POST", "path": "/v1/plan", "status": 200, "duration_ms": 0.8}
{"ts": 1784819397.964, "request_id": "1d54e55b743e", "tenant": "dev", "role": "admin", "key_id": "open", "method": "POST", "path": "/v1/scan", "status": 200, "duration_ms": 32.5}
{"ts": 1784819398.02, "request_id": "925c952bdd47", "tenant": "dev", "role": "admin", "key_id": "open", "method": "POST", "path": "/v1/scan", "status": 200, "duration_ms": 8.6}
{"ts": 1784819398.184, "request_id": "6fa5d7e699a4", "tenant": "dev", "role": "admin", "key_id": "open", "method": "POST", "path": "/v1/plan", "status": 200, "duration_ms": 0.8}
{"ts": 1784819398.303, "request_id": "838067d8ae21", "tenant": "dev", "role": "admin", "key_id": "open", "method": "GET", "path": "/v1/workforce/map", "status": 200, "duration_ms": 3.9}
{"ts": 1784819398.367, "request_id": "43581d6f1ce3", "tenant": "dev", "role": "admin", "key_id": "open", "method": "POST", "path": "/v1/workforce/forecast", "status": 200, "duration_ms": 0.6}
{"ts": 1784819398.654, "request_id": "d07840609e8c", "tenant": "dev", "role": "admin", "key_id": "open", "method": "POST", "path": "/v1/workforce/simulate", "status": 200, "duration_ms": 0.6}
{"ts": 1784819398.737, "request_id": "873330af598e", "tenant": "dev", "role": "admin", "key_id": "open", "method": "GET", "path": "/v1/workforce/map", "status": 200, "duration_ms": 3.9}
{"ts": 1784822548.773, "request_id": "24af20e0e22a", "tenant": "dev", "role": "admin", "key_id": "open", "method": "GET", "path": "/v1/catalog", "status": 200, "duration_ms": 0.8}
{"ts": 1784823382.554, "request_id": "7ed36e1ed37f", "tenant": "dev", "role": "admin", "key_id": "open", "method": "GET", "path": "/metrics", "status": 200, "duration_ms": 0.3}
{"ts": 1784823382.563, "request_id": "6e16bb4ffe6b", "tenant": "dev", "role": "admin", "key_id": "open", "method": "GET", "path": "/v1/agent-manifest", "status": 200, "duration_ms": 0.6}
